// Jest Snapshot v1, https://goo.gl/fbAQLP

exports[`DescriptionProduct validate render view 1`] = `<div />`;
